[     337ms] [INFO] %cDownload the React DevTools for a better development experience: https://reactjs.org/link/react-devtools font-weight:bold @ http://localhost:5177/@fs/Users/nikitamysnik/Documents/%D0%B4%D0%B2%D0%BE%D1%80%D0%B8%D0%BA/gpt-version/node_modules/.vite/deps/react-dom_client.js?v=2fb97b53:21548
[     391ms] [ERROR] Failed to load resource: the server responded with a status of 404 (Not Found) @ http://localhost:5177/favicon.ico:0
[   12327ms] [INFO] %cDownload the React DevTools for a better development experience: https://reactjs.org/link/react-devtools font-weight:bold @ http://localhost:5177/@fs/Users/nikitamysnik/Documents/%D0%B4%D0%B2%D0%BE%D1%80%D0%B8%D0%BA/gpt-version/node_modules/.vite/deps/react-dom_client.js?v=2fb97b53:21548
[  444550ms] [INFO] %cDownload the React DevTools for a better development experience: https://reactjs.org/link/react-devtools font-weight:bold @ http://localhost:5177/@fs/Users/nikitamysnik/Documents/%D0%B4%D0%B2%D0%BE%D1%80%D0%B8%D0%BA/gpt-version/node_modules/.vite/deps/react-dom_client.js?v=2fb97b53:21548
[  514194ms] [LOG] [vite] server connection lost. Polling for restart... @ http://localhost:5177/@vite/client:559
[  514196ms] [ERROR] Failed to load resource: net::ERR_CONNECTION_REFUSED @ http://localhost:24678/:0
[  515201ms] [ERROR] Failed to load resource: net::ERR_CONNECTION_REFUSED @ http://localhost:24678/:0
[  516206ms] [ERROR] Failed to load resource: net::ERR_CONNECTION_REFUSED @ http://localhost:24678/:0
[  517210ms] [ERROR] Failed to load resource: net::ERR_CONNECTION_REFUSED @ http://localhost:24678/:0
[  518214ms] [ERROR] Failed to load resource: net::ERR_CONNECTION_REFUSED @ http://localhost:24678/:0
[  519220ms] [ERROR] Failed to load resource: net::ERR_CONNECTION_REFUSED @ http://localhost:24678/:0
[  520224ms] [ERROR] Failed to load resource: net::ERR_CONNECTION_REFUSED @ http://localhost:24678/:0
[  521230ms] [ERROR] Failed to load resource: net::ERR_CONNECTION_REFUSED @ http://localhost:24678/:0
[  522235ms] [ERROR] Failed to load resource: net::ERR_CONNECTION_REFUSED @ http://localhost:24678/:0
[  523240ms] [ERROR] Failed to load resource: net::ERR_CONNECTION_REFUSED @ http://localhost:24678/:0
[  524243ms] [ERROR] Failed to load resource: net::ERR_CONNECTION_REFUSED @ http://localhost:24678/:0
[  525248ms] [ERROR] Failed to load resource: net::ERR_CONNECTION_REFUSED @ http://localhost:24678/:0
[  526254ms] [ERROR] Failed to load resource: net::ERR_CONNECTION_REFUSED @ http://localhost:24678/:0
[  527256ms] [ERROR] Failed to load resource: net::ERR_CONNECTION_REFUSED @ http://localhost:24678/:0
[  528259ms] [ERROR] Failed to load resource: net::ERR_CONNECTION_REFUSED @ http://localhost:24678/:0
[  529264ms] [ERROR] Failed to load resource: net::ERR_CONNECTION_REFUSED @ http://localhost:24678/:0
[  530267ms] [ERROR] Failed to load resource: net::ERR_CONNECTION_REFUSED @ http://localhost:24678/:0
[  531270ms] [ERROR] Failed to load resource: net::ERR_CONNECTION_REFUSED @ http://localhost:24678/:0
[  532273ms] [ERROR] Failed to load resource: net::ERR_CONNECTION_REFUSED @ http://localhost:24678/:0
[  533276ms] [ERROR] Failed to load resource: net::ERR_CONNECTION_REFUSED @ http://localhost:24678/:0
[  534279ms] [ERROR] Failed to load resource: net::ERR_CONNECTION_REFUSED @ http://localhost:24678/:0
[  535283ms] [ERROR] Failed to load resource: net::ERR_CONNECTION_REFUSED @ http://localhost:24678/:0
[  536286ms] [ERROR] Failed to load resource: net::ERR_CONNECTION_REFUSED @ http://localhost:24678/:0
[  537291ms] [ERROR] Failed to load resource: net::ERR_CONNECTION_REFUSED @ http://localhost:24678/:0
[  538293ms] [ERROR] Failed to load resource: net::ERR_CONNECTION_REFUSED @ http://localhost:24678/:0
[  539298ms] [ERROR] Failed to load resource: net::ERR_CONNECTION_REFUSED @ http://localhost:24678/:0
[  540305ms] [ERROR] Failed to load resource: net::ERR_CONNECTION_REFUSED @ http://localhost:24678/:0
[  541310ms] [ERROR] Failed to load resource: net::ERR_CONNECTION_REFUSED @ http://localhost:24678/:0
[  542314ms] [ERROR] Failed to load resource: net::ERR_CONNECTION_REFUSED @ http://localhost:24678/:0
[  543316ms] [ERROR] Failed to load resource: net::ERR_CONNECTION_REFUSED @ http://localhost:24678/:0
[  544319ms] [ERROR] Failed to load resource: net::ERR_CONNECTION_REFUSED @ http://localhost:24678/:0
[  545322ms] [ERROR] Failed to load resource: net::ERR_CONNECTION_REFUSED @ http://localhost:24678/:0
[  546324ms] [ERROR] Failed to load resource: net::ERR_CONNECTION_REFUSED @ http://localhost:24678/:0
[  547329ms] [ERROR] Failed to load resource: net::ERR_CONNECTION_REFUSED @ http://localhost:24678/:0
[  548330ms] [ERROR] Failed to load resource: net::ERR_CONNECTION_REFUSED @ http://localhost:24678/:0
[  549335ms] [ERROR] Failed to load resource: net::ERR_CONNECTION_REFUSED @ http://localhost:24678/:0
[  550337ms] [ERROR] Failed to load resource: net::ERR_CONNECTION_REFUSED @ http://localhost:24678/:0
[  551340ms] [ERROR] Failed to load resource: net::ERR_CONNECTION_REFUSED @ http://localhost:24678/:0
[  552344ms] [ERROR] Failed to load resource: net::ERR_CONNECTION_REFUSED @ http://localhost:24678/:0
[  553348ms] [ERROR] Failed to load resource: net::ERR_CONNECTION_REFUSED @ http://localhost:24678/:0
[  554351ms] [ERROR] Failed to load resource: net::ERR_CONNECTION_REFUSED @ http://localhost:24678/:0
[  555356ms] [ERROR] Failed to load resource: net::ERR_CONNECTION_REFUSED @ http://localhost:24678/:0
[  556360ms] [ERROR] Failed to load resource: net::ERR_CONNECTION_REFUSED @ http://localhost:24678/:0
[  557362ms] [ERROR] Failed to load resource: net::ERR_CONNECTION_REFUSED @ http://localhost:24678/:0
[  558364ms] [ERROR] Failed to load resource: net::ERR_CONNECTION_REFUSED @ http://localhost:24678/:0
[  559366ms] [ERROR] Failed to load resource: net::ERR_CONNECTION_REFUSED @ http://localhost:24678/:0
[  560370ms] [ERROR] Failed to load resource: net::ERR_CONNECTION_REFUSED @ http://localhost:24678/:0
[  561373ms] [ERROR] Failed to load resource: net::ERR_CONNECTION_REFUSED @ http://localhost:24678/:0
[  562378ms] [ERROR] Failed to load resource: net::ERR_CONNECTION_REFUSED @ http://localhost:24678/:0
[  563383ms] [ERROR] Failed to load resource: net::ERR_CONNECTION_REFUSED @ http://localhost:24678/:0
[  564385ms] [ERROR] Failed to load resource: net::ERR_CONNECTION_REFUSED @ http://localhost:24678/:0
[  565396ms] [ERROR] Failed to load resource: the server responded with a status of 426 (Upgrade Required) @ http://localhost:24678/:0
[  565532ms] [INFO] %cDownload the React DevTools for a better development experience: https://reactjs.org/link/react-devtools font-weight:bold @ http://localhost:5177/@fs/Users/nikitamysnik/Documents/%D0%B4%D0%B2%D0%BE%D1%80%D0%B8%D0%BA/gpt-version/node_modules/.vite/deps/react-dom_client.js?v=6cdcff44:17230
