[      87ms] [INFO] %cDownload the React DevTools for a better development experience: https://reactjs.org/link/react-devtools font-weight:bold @ http://localhost:5177/@fs/Users/nikitamysnik/Documents/%D0%B4%D0%B2%D0%BE%D1%80%D0%B8%D0%BA/gpt-version/node_modules/.vite/deps/react-dom_client.js?v=af644984:17230
[ 6656643ms] [INFO] %cDownload the React DevTools for a better development experience: https://reactjs.org/link/react-devtools font-weight:bold @ http://localhost:5177/@fs/Users/nikitamysnik/Documents/%D0%B4%D0%B2%D0%BE%D1%80%D0%B8%D0%BA/gpt-version/node_modules/.vite/deps/react-dom_client.js?v=af644984:17230
[ 6722676ms] [LOG] [vite] server connection lost. Polling for restart... @ http://localhost:5177/@vite/client:992
[ 6727802ms] [INFO] %cDownload the React DevTools for a better development experience: https://reactjs.org/link/react-devtools font-weight:bold @ http://localhost:5177/@fs/Users/nikitamysnik/Documents/%D0%B4%D0%B2%D0%BE%D1%80%D0%B8%D0%BA/gpt-version/node_modules/.vite/deps/react-dom_client.js?v=af644984:17230
[ 7065404ms] [LOG] [vite] server connection lost. Polling for restart... @ http://localhost:5177/@vite/client:992
[ 7069528ms] [INFO] %cDownload the React DevTools for a better development experience: https://reactjs.org/link/react-devtools font-weight:bold @ http://localhost:5177/@fs/Users/nikitamysnik/Documents/%D0%B4%D0%B2%D0%BE%D1%80%D0%B8%D0%BA/gpt-version/node_modules/.vite/deps/react-dom_client.js?v=af644984:17230
[ 7308731ms] [INFO] %cDownload the React DevTools for a better development experience: https://reactjs.org/link/react-devtools font-weight:bold @ http://localhost:5177/@fs/Users/nikitamysnik/Documents/%D0%B4%D0%B2%D0%BE%D1%80%D0%B8%D0%BA/gpt-version/node_modules/.vite/deps/react-dom_client.js?v=af644984:17230
[ 7416599ms] [LOG] [vite] server connection lost. Polling for restart... @ http://localhost:5177/@vite/client:992
[ 7420709ms] [INFO] %cDownload the React DevTools for a better development experience: https://reactjs.org/link/react-devtools font-weight:bold @ http://localhost:5177/@fs/Users/nikitamysnik/Documents/%D0%B4%D0%B2%D0%BE%D1%80%D0%B8%D0%BA/gpt-version/node_modules/.vite/deps/react-dom_client.js?v=af644984:17230
[ 7563666ms] [INFO] %cDownload the React DevTools for a better development experience: https://reactjs.org/link/react-devtools font-weight:bold @ http://localhost:5177/@fs/Users/nikitamysnik/Documents/%D0%B4%D0%B2%D0%BE%D1%80%D0%B8%D0%BA/gpt-version/node_modules/.vite/deps/react-dom_client.js?v=af644984:17230
[ 7615377ms] [INFO] %cDownload the React DevTools for a better development experience: https://reactjs.org/link/react-devtools font-weight:bold @ http://localhost:5177/@fs/Users/nikitamysnik/Documents/%D0%B4%D0%B2%D0%BE%D1%80%D0%B8%D0%BA/gpt-version/node_modules/.vite/deps/react-dom_client.js?v=af644984:17230
[ 7746564ms] [LOG] [vite] server connection lost. Polling for restart... @ http://localhost:5177/@vite/client:992
[ 7751701ms] [INFO] %cDownload the React DevTools for a better development experience: https://reactjs.org/link/react-devtools font-weight:bold @ http://localhost:5177/@fs/Users/nikitamysnik/Documents/%D0%B4%D0%B2%D0%BE%D1%80%D0%B8%D0%BA/gpt-version/node_modules/.vite/deps/react-dom_client.js?v=af644984:17230
[ 7780234ms] [INFO] %cDownload the React DevTools for a better development experience: https://reactjs.org/link/react-devtools font-weight:bold @ http://localhost:5177/@fs/Users/nikitamysnik/Documents/%D0%B4%D0%B2%D0%BE%D1%80%D0%B8%D0%BA/gpt-version/node_modules/.vite/deps/react-dom_client.js?v=af644984:17230
[ 7808101ms] [LOG] [vite] server connection lost. Polling for restart... @ http://localhost:5177/@vite/client:992
[ 7812245ms] [INFO] %cDownload the React DevTools for a better development experience: https://reactjs.org/link/react-devtools font-weight:bold @ http://localhost:5177/@fs/Users/nikitamysnik/Documents/%D0%B4%D0%B2%D0%BE%D1%80%D0%B8%D0%BA/gpt-version/node_modules/.vite/deps/react-dom_client.js?v=af644984:17230
[ 7999778ms] [INFO] %cDownload the React DevTools for a better development experience: https://reactjs.org/link/react-devtools font-weight:bold @ http://localhost:5177/@fs/Users/nikitamysnik/Documents/%D0%B4%D0%B2%D0%BE%D1%80%D0%B8%D0%BA/gpt-version/node_modules/.vite/deps/react-dom_client.js?v=af644984:17230
[ 8082469ms] [LOG] [vite] server connection lost. Polling for restart... @ http://localhost:5177/@vite/client:992
[ 8087588ms] [INFO] %cDownload the React DevTools for a better development experience: https://reactjs.org/link/react-devtools font-weight:bold @ http://localhost:5177/@fs/Users/nikitamysnik/Documents/%D0%B4%D0%B2%D0%BE%D1%80%D0%B8%D0%BA/gpt-version/node_modules/.vite/deps/react-dom_client.js?v=af644984:17230
[ 8256448ms] [INFO] %cDownload the React DevTools for a better development experience: https://reactjs.org/link/react-devtools font-weight:bold @ http://localhost:5177/@fs/Users/nikitamysnik/Documents/%D0%B4%D0%B2%D0%BE%D1%80%D0%B8%D0%BA/gpt-version/node_modules/.vite/deps/react-dom_client.js?v=af644984:17230
[ 8262627ms] [INFO] %cDownload the React DevTools for a better development experience: https://reactjs.org/link/react-devtools font-weight:bold @ http://localhost:5177/@fs/Users/nikitamysnik/Documents/%D0%B4%D0%B2%D0%BE%D1%80%D0%B8%D0%BA/gpt-version/node_modules/.vite/deps/react-dom_client.js?v=af644984:17230
[ 8280344ms] [INFO] %cDownload the React DevTools for a better development experience: https://reactjs.org/link/react-devtools font-weight:bold @ http://localhost:5177/@fs/Users/nikitamysnik/Documents/%D0%B4%D0%B2%D0%BE%D1%80%D0%B8%D0%BA/gpt-version/node_modules/.vite/deps/react-dom_client.js?v=af644984:17230
[ 8287572ms] [INFO] %cDownload the React DevTools for a better development experience: https://reactjs.org/link/react-devtools font-weight:bold @ http://localhost:5177/@fs/Users/nikitamysnik/Documents/%D0%B4%D0%B2%D0%BE%D1%80%D0%B8%D0%BA/gpt-version/node_modules/.vite/deps/react-dom_client.js?v=af644984:17230
[ 8425219ms] [LOG] [vite] server connection lost. Polling for restart... @ http://localhost:5177/@vite/client:992
[ 8430334ms] [INFO] %cDownload the React DevTools for a better development experience: https://reactjs.org/link/react-devtools font-weight:bold @ http://localhost:5177/@fs/Users/nikitamysnik/Documents/%D0%B4%D0%B2%D0%BE%D1%80%D0%B8%D0%BA/gpt-version/node_modules/.vite/deps/react-dom_client.js?v=af644984:17230
[ 8597737ms] [INFO] %cDownload the React DevTools for a better development experience: https://reactjs.org/link/react-devtools font-weight:bold @ http://localhost:5177/@fs/Users/nikitamysnik/Documents/%D0%B4%D0%B2%D0%BE%D1%80%D0%B8%D0%BA/gpt-version/node_modules/.vite/deps/react-dom_client.js?v=af644984:17230
[ 8603041ms] [INFO] %cDownload the React DevTools for a better development experience: https://reactjs.org/link/react-devtools font-weight:bold @ http://localhost:5177/@fs/Users/nikitamysnik/Documents/%D0%B4%D0%B2%D0%BE%D1%80%D0%B8%D0%BA/gpt-version/node_modules/.vite/deps/react-dom_client.js?v=af644984:17230
[ 8893314ms] [LOG] [vite] server connection lost. Polling for restart... @ http://localhost:5177/@vite/client:992
[ 8897433ms] [INFO] %cDownload the React DevTools for a better development experience: https://reactjs.org/link/react-devtools font-weight:bold @ http://localhost:5177/@fs/Users/nikitamysnik/Documents/%D0%B4%D0%B2%D0%BE%D1%80%D0%B8%D0%BA/gpt-version/node_modules/.vite/deps/react-dom_client.js?v=af644984:17230
[ 8934602ms] [LOG] [vite] server connection lost. Polling for restart... @ http://localhost:5177/@vite/client:992
[ 8944761ms] [INFO] %cDownload the React DevTools for a better development experience: https://reactjs.org/link/react-devtools font-weight:bold @ http://localhost:5177/@fs/Users/nikitamysnik/Documents/%D0%B4%D0%B2%D0%BE%D1%80%D0%B8%D0%BA/gpt-version/node_modules/.vite/deps/react-dom_client.js?v=af644984:17230
[ 9453107ms] [INFO] %cDownload the React DevTools for a better development experience: https://reactjs.org/link/react-devtools font-weight:bold @ http://localhost:5177/@fs/Users/nikitamysnik/Documents/%D0%B4%D0%B2%D0%BE%D1%80%D0%B8%D0%BA/gpt-version/node_modules/.vite/deps/react-dom_client.js?v=af644984:17230
[ 9726860ms] [LOG] [vite] server connection lost. Polling for restart... @ http://localhost:5177/@vite/client:992
[ 9738459ms] [INFO] %cDownload the React DevTools for a better development experience: https://reactjs.org/link/react-devtools font-weight:bold @ http://localhost:5177/@fs/Users/nikitamysnik/Documents/%D0%B4%D0%B2%D0%BE%D1%80%D0%B8%D0%BA/gpt-version/node_modules/.vite/deps/react-dom_client.js?v=af644984:17230
[ 9787147ms] [LOG] [vite] server connection lost. Polling for restart... @ http://localhost:5177/@vite/client:992
[ 9804568ms] [INFO] %cDownload the React DevTools for a better development experience: https://reactjs.org/link/react-devtools font-weight:bold @ http://localhost:5177/@fs/Users/nikitamysnik/Documents/%D0%B4%D0%B2%D0%BE%D1%80%D0%B8%D0%BA/gpt-version/node_modules/.vite/deps/react-dom_client.js?v=af644984:17230
[ 9976971ms] [LOG] [vite] server connection lost. Polling for restart... @ http://localhost:5177/@vite/client:992
[ 9981083ms] [INFO] %cDownload the React DevTools for a better development experience: https://reactjs.org/link/react-devtools font-weight:bold @ http://localhost:5177/@fs/Users/nikitamysnik/Documents/%D0%B4%D0%B2%D0%BE%D1%80%D0%B8%D0%BA/gpt-version/node_modules/.vite/deps/react-dom_client.js?v=af644984:17230
[10662459ms] [INFO] %cDownload the React DevTools for a better development experience: https://reactjs.org/link/react-devtools font-weight:bold @ http://localhost:5177/@fs/Users/nikitamysnik/Documents/%D0%B4%D0%B2%D0%BE%D1%80%D0%B8%D0%BA/gpt-version/node_modules/.vite/deps/react-dom_client.js?v=af644984:17230
[10792617ms] [LOG] [vite] server connection lost. Polling for restart... @ http://localhost:5177/@vite/client:992
[10804815ms] [INFO] %cDownload the React DevTools for a better development experience: https://reactjs.org/link/react-devtools font-weight:bold @ http://localhost:5177/@fs/Users/nikitamysnik/Documents/%D0%B4%D0%B2%D0%BE%D1%80%D0%B8%D0%BA/gpt-version/node_modules/.vite/deps/react-dom_client.js?v=af644984:17230
[16045953ms] [LOG] [vite] server connection lost. Polling for restart... @ http://localhost:5177/@vite/client:992
[22952054ms] [INFO] %cDownload the React DevTools for a better development experience: https://reactjs.org/link/react-devtools font-weight:bold @ http://localhost:5177/@fs/Users/nikitamysnik/Documents/%D0%B4%D0%B2%D0%BE%D1%80%D0%B8%D0%BA/gpt-version/node_modules/.vite/deps/react-dom_client.js?v=af644984:17230
[24113166ms] [INFO] %cDownload the React DevTools for a better development experience: https://reactjs.org/link/react-devtools font-weight:bold @ http://localhost:5177/@fs/Users/nikitamysnik/Documents/%D0%B4%D0%B2%D0%BE%D1%80%D0%B8%D0%BA/gpt-version/node_modules/.vite/deps/react-dom_client.js?v=af644984:17230
[24484795ms] [INFO] %cDownload the React DevTools for a better development experience: https://reactjs.org/link/react-devtools font-weight:bold @ http://localhost:5177/@fs/Users/nikitamysnik/Documents/%D0%B4%D0%B2%D0%BE%D1%80%D0%B8%D0%BA/gpt-version/node_modules/.vite/deps/react-dom_client.js?v=af644984:17230
[24493752ms] [INFO] %cDownload the React DevTools for a better development experience: https://reactjs.org/link/react-devtools font-weight:bold @ http://localhost:5177/@fs/Users/nikitamysnik/Documents/%D0%B4%D0%B2%D0%BE%D1%80%D0%B8%D0%BA/gpt-version/node_modules/.vite/deps/react-dom_client.js?v=af644984:17230
[24763715ms] [INFO] %cDownload the React DevTools for a better development experience: https://reactjs.org/link/react-devtools font-weight:bold @ http://localhost:5177/@fs/Users/nikitamysnik/Documents/%D0%B4%D0%B2%D0%BE%D1%80%D0%B8%D0%BA/gpt-version/node_modules/.vite/deps/react-dom_client.js?v=af644984:17230
[24785307ms] [INFO] %cDownload the React DevTools for a better development experience: https://reactjs.org/link/react-devtools font-weight:bold @ http://localhost:5177/@fs/Users/nikitamysnik/Documents/%D0%B4%D0%B2%D0%BE%D1%80%D0%B8%D0%BA/gpt-version/node_modules/.vite/deps/react-dom_client.js?v=af644984:17230
[24792637ms] [INFO] %cDownload the React DevTools for a better development experience: https://reactjs.org/link/react-devtools font-weight:bold @ http://localhost:5177/@fs/Users/nikitamysnik/Documents/%D0%B4%D0%B2%D0%BE%D1%80%D0%B8%D0%BA/gpt-version/node_modules/.vite/deps/react-dom_client.js?v=af644984:17230
[24805629ms] [INFO] %cDownload the React DevTools for a better development experience: https://reactjs.org/link/react-devtools font-weight:bold @ http://localhost:5177/@fs/Users/nikitamysnik/Documents/%D0%B4%D0%B2%D0%BE%D1%80%D0%B8%D0%BA/gpt-version/node_modules/.vite/deps/react-dom_client.js?v=af644984:17230
[24827098ms] [INFO] %cDownload the React DevTools for a better development experience: https://reactjs.org/link/react-devtools font-weight:bold @ http://localhost:5177/@fs/Users/nikitamysnik/Documents/%D0%B4%D0%B2%D0%BE%D1%80%D0%B8%D0%BA/gpt-version/node_modules/.vite/deps/react-dom_client.js?v=af644984:17230
[24847578ms] [INFO] %cDownload the React DevTools for a better development experience: https://reactjs.org/link/react-devtools font-weight:bold @ http://localhost:5177/@fs/Users/nikitamysnik/Documents/%D0%B4%D0%B2%D0%BE%D1%80%D0%B8%D0%BA/gpt-version/node_modules/.vite/deps/react-dom_client.js?v=af644984:17230
[24859352ms] [INFO] %cDownload the React DevTools for a better development experience: https://reactjs.org/link/react-devtools font-weight:bold @ http://localhost:5177/@fs/Users/nikitamysnik/Documents/%D0%B4%D0%B2%D0%BE%D1%80%D0%B8%D0%BA/gpt-version/node_modules/.vite/deps/react-dom_client.js?v=af644984:17230
[24867246ms] [INFO] %cDownload the React DevTools for a better development experience: https://reactjs.org/link/react-devtools font-weight:bold @ http://localhost:5177/@fs/Users/nikitamysnik/Documents/%D0%B4%D0%B2%D0%BE%D1%80%D0%B8%D0%BA/gpt-version/node_modules/.vite/deps/react-dom_client.js?v=af644984:17230
[24884582ms] [INFO] %cDownload the React DevTools for a better development experience: https://reactjs.org/link/react-devtools font-weight:bold @ http://localhost:5177/@fs/Users/nikitamysnik/Documents/%D0%B4%D0%B2%D0%BE%D1%80%D0%B8%D0%BA/gpt-version/node_modules/.vite/deps/react-dom_client.js?v=af644984:17230
[24901136ms] [INFO] %cDownload the React DevTools for a better development experience: https://reactjs.org/link/react-devtools font-weight:bold @ http://localhost:5177/@fs/Users/nikitamysnik/Documents/%D0%B4%D0%B2%D0%BE%D1%80%D0%B8%D0%BA/gpt-version/node_modules/.vite/deps/react-dom_client.js?v=af644984:17230
[24905706ms] [INFO] %cDownload the React DevTools for a better development experience: https://reactjs.org/link/react-devtools font-weight:bold @ http://localhost:5177/@fs/Users/nikitamysnik/Documents/%D0%B4%D0%B2%D0%BE%D1%80%D0%B8%D0%BA/gpt-version/node_modules/.vite/deps/react-dom_client.js?v=af644984:17230
[24924233ms] [INFO] %cDownload the React DevTools for a better development experience: https://reactjs.org/link/react-devtools font-weight:bold @ http://localhost:5177/@fs/Users/nikitamysnik/Documents/%D0%B4%D0%B2%D0%BE%D1%80%D0%B8%D0%BA/gpt-version/node_modules/.vite/deps/react-dom_client.js?v=af644984:17230
[25041170ms] [INFO] %cDownload the React DevTools for a better development experience: https://reactjs.org/link/react-devtools font-weight:bold @ http://localhost:5177/@fs/Users/nikitamysnik/Documents/%D0%B4%D0%B2%D0%BE%D1%80%D0%B8%D0%BA/gpt-version/node_modules/.vite/deps/react-dom_client.js?v=af644984:17230
[25045656ms] [INFO] %cDownload the React DevTools for a better development experience: https://reactjs.org/link/react-devtools font-weight:bold @ http://localhost:5177/@fs/Users/nikitamysnik/Documents/%D0%B4%D0%B2%D0%BE%D1%80%D0%B8%D0%BA/gpt-version/node_modules/.vite/deps/react-dom_client.js?v=af644984:17230
[25053393ms] [INFO] %cDownload the React DevTools for a better development experience: https://reactjs.org/link/react-devtools font-weight:bold @ http://localhost:5177/@fs/Users/nikitamysnik/Documents/%D0%B4%D0%B2%D0%BE%D1%80%D0%B8%D0%BA/gpt-version/node_modules/.vite/deps/react-dom_client.js?v=af644984:17230
[25064217ms] [INFO] %cDownload the React DevTools for a better development experience: https://reactjs.org/link/react-devtools font-weight:bold @ http://localhost:5177/@fs/Users/nikitamysnik/Documents/%D0%B4%D0%B2%D0%BE%D1%80%D0%B8%D0%BA/gpt-version/node_modules/.vite/deps/react-dom_client.js?v=af644984:17230
[25085426ms] [INFO] %cDownload the React DevTools for a better development experience: https://reactjs.org/link/react-devtools font-weight:bold @ http://localhost:5177/@fs/Users/nikitamysnik/Documents/%D0%B4%D0%B2%D0%BE%D1%80%D0%B8%D0%BA/gpt-version/node_modules/.vite/deps/react-dom_client.js?v=af644984:17230
[25097254ms] [INFO] %cDownload the React DevTools for a better development experience: https://reactjs.org/link/react-devtools font-weight:bold @ http://localhost:5177/@fs/Users/nikitamysnik/Documents/%D0%B4%D0%B2%D0%BE%D1%80%D0%B8%D0%BA/gpt-version/node_modules/.vite/deps/react-dom_client.js?v=af644984:17230
[25323210ms] [INFO] %cDownload the React DevTools for a better development experience: https://reactjs.org/link/react-devtools font-weight:bold @ http://localhost:5177/@fs/Users/nikitamysnik/Documents/%D0%B4%D0%B2%D0%BE%D1%80%D0%B8%D0%BA/gpt-version/node_modules/.vite/deps/react-dom_client.js?v=af644984:17230
[25360868ms] [INFO] %cDownload the React DevTools for a better development experience: https://reactjs.org/link/react-devtools font-weight:bold @ http://localhost:5177/@fs/Users/nikitamysnik/Documents/%D0%B4%D0%B2%D0%BE%D1%80%D0%B8%D0%BA/gpt-version/node_modules/.vite/deps/react-dom_client.js?v=af644984:17230
[25367573ms] [INFO] %cDownload the React DevTools for a better development experience: https://reactjs.org/link/react-devtools font-weight:bold @ http://localhost:5177/@fs/Users/nikitamysnik/Documents/%D0%B4%D0%B2%D0%BE%D1%80%D0%B8%D0%BA/gpt-version/node_modules/.vite/deps/react-dom_client.js?v=af644984:17230
[25384291ms] [INFO] %cDownload the React DevTools for a better development experience: https://reactjs.org/link/react-devtools font-weight:bold @ http://localhost:5177/@fs/Users/nikitamysnik/Documents/%D0%B4%D0%B2%D0%BE%D1%80%D0%B8%D0%BA/gpt-version/node_modules/.vite/deps/react-dom_client.js?v=af644984:17230
[25760872ms] [INFO] %cDownload the React DevTools for a better development experience: https://reactjs.org/link/react-devtools font-weight:bold @ http://localhost:5177/@fs/Users/nikitamysnik/Documents/%D0%B4%D0%B2%D0%BE%D1%80%D0%B8%D0%BA/gpt-version/node_modules/.vite/deps/react-dom_client.js?v=af644984:17230
[25798122ms] [INFO] %cDownload the React DevTools for a better development experience: https://reactjs.org/link/react-devtools font-weight:bold @ http://localhost:5177/@fs/Users/nikitamysnik/Documents/%D0%B4%D0%B2%D0%BE%D1%80%D0%B8%D0%BA/gpt-version/node_modules/.vite/deps/react-dom_client.js?v=af644984:17230
[25854333ms] [INFO] %cDownload the React DevTools for a better development experience: https://reactjs.org/link/react-devtools font-weight:bold @ http://localhost:5177/@fs/Users/nikitamysnik/Documents/%D0%B4%D0%B2%D0%BE%D1%80%D0%B8%D0%BA/gpt-version/node_modules/.vite/deps/react-dom_client.js?v=af644984:17230
[25947397ms] [INFO] %cDownload the React DevTools for a better development experience: https://reactjs.org/link/react-devtools font-weight:bold @ http://localhost:5177/@fs/Users/nikitamysnik/Documents/%D0%B4%D0%B2%D0%BE%D1%80%D0%B8%D0%BA/gpt-version/node_modules/.vite/deps/react-dom_client.js?v=af644984:17230
[26399487ms] [INFO] %cDownload the React DevTools for a better development experience: https://reactjs.org/link/react-devtools font-weight:bold @ http://localhost:5177/@fs/Users/nikitamysnik/Documents/%D0%B4%D0%B2%D0%BE%D1%80%D0%B8%D0%BA/gpt-version/node_modules/.vite/deps/react-dom_client.js?v=af644984:17230
[26582595ms] [INFO] %cDownload the React DevTools for a better development experience: https://reactjs.org/link/react-devtools font-weight:bold @ http://localhost:5177/@fs/Users/nikitamysnik/Documents/%D0%B4%D0%B2%D0%BE%D1%80%D0%B8%D0%BA/gpt-version/node_modules/.vite/deps/react-dom_client.js?v=af644984:17230
[26761963ms] [INFO] %cDownload the React DevTools for a better development experience: https://reactjs.org/link/react-devtools font-weight:bold @ http://localhost:5177/@fs/Users/nikitamysnik/Documents/%D0%B4%D0%B2%D0%BE%D1%80%D0%B8%D0%BA/gpt-version/node_modules/.vite/deps/react-dom_client.js?v=af644984:17230
[26989826ms] [INFO] %cDownload the React DevTools for a better development experience: https://reactjs.org/link/react-devtools font-weight:bold @ http://localhost:5177/@fs/Users/nikitamysnik/Documents/%D0%B4%D0%B2%D0%BE%D1%80%D0%B8%D0%BA/gpt-version/node_modules/.vite/deps/react-dom_client.js?v=af644984:17230
[26998235ms] [INFO] %cDownload the React DevTools for a better development experience: https://reactjs.org/link/react-devtools font-weight:bold @ http://localhost:5177/@fs/Users/nikitamysnik/Documents/%D0%B4%D0%B2%D0%BE%D1%80%D0%B8%D0%BA/gpt-version/node_modules/.vite/deps/react-dom_client.js?v=af644984:17230
[27011266ms] [INFO] %cDownload the React DevTools for a better development experience: https://reactjs.org/link/react-devtools font-weight:bold @ http://localhost:5177/@fs/Users/nikitamysnik/Documents/%D0%B4%D0%B2%D0%BE%D1%80%D0%B8%D0%BA/gpt-version/node_modules/.vite/deps/react-dom_client.js?v=af644984:17230
[27021939ms] [INFO] %cDownload the React DevTools for a better development experience: https://reactjs.org/link/react-devtools font-weight:bold @ http://localhost:5177/@fs/Users/nikitamysnik/Documents/%D0%B4%D0%B2%D0%BE%D1%80%D0%B8%D0%BA/gpt-version/node_modules/.vite/deps/react-dom_client.js?v=af644984:17230
[27027979ms] [INFO] %cDownload the React DevTools for a better development experience: https://reactjs.org/link/react-devtools font-weight:bold @ http://localhost:5177/@fs/Users/nikitamysnik/Documents/%D0%B4%D0%B2%D0%BE%D1%80%D0%B8%D0%BA/gpt-version/node_modules/.vite/deps/react-dom_client.js?v=af644984:17230
[27035952ms] [INFO] %cDownload the React DevTools for a better development experience: https://reactjs.org/link/react-devtools font-weight:bold @ http://localhost:5177/@fs/Users/nikitamysnik/Documents/%D0%B4%D0%B2%D0%BE%D1%80%D0%B8%D0%BA/gpt-version/node_modules/.vite/deps/react-dom_client.js?v=af644984:17230
[27050723ms] [INFO] %cDownload the React DevTools for a better development experience: https://reactjs.org/link/react-devtools font-weight:bold @ http://localhost:5177/@fs/Users/nikitamysnik/Documents/%D0%B4%D0%B2%D0%BE%D1%80%D0%B8%D0%BA/gpt-version/node_modules/.vite/deps/react-dom_client.js?v=af644984:17230
[27064430ms] [INFO] %cDownload the React DevTools for a better development experience: https://reactjs.org/link/react-devtools font-weight:bold @ http://localhost:5177/@fs/Users/nikitamysnik/Documents/%D0%B4%D0%B2%D0%BE%D1%80%D0%B8%D0%BA/gpt-version/node_modules/.vite/deps/react-dom_client.js?v=af644984:17230
[27071834ms] [INFO] %cDownload the React DevTools for a better development experience: https://reactjs.org/link/react-devtools font-weight:bold @ http://localhost:5177/@fs/Users/nikitamysnik/Documents/%D0%B4%D0%B2%D0%BE%D1%80%D0%B8%D0%BA/gpt-version/node_modules/.vite/deps/react-dom_client.js?v=af644984:17230
[28778501ms] [INFO] %cDownload the React DevTools for a better development experience: https://reactjs.org/link/react-devtools font-weight:bold @ http://localhost:5177/@fs/Users/nikitamysnik/Documents/%D0%B4%D0%B2%D0%BE%D1%80%D0%B8%D0%BA/gpt-version/node_modules/.vite/deps/react-dom_client.js?v=af644984:17230
[28827129ms] [INFO] %cDownload the React DevTools for a better development experience: https://reactjs.org/link/react-devtools font-weight:bold @ http://localhost:5177/@fs/Users/nikitamysnik/Documents/%D0%B4%D0%B2%D0%BE%D1%80%D0%B8%D0%BA/gpt-version/node_modules/.vite/deps/react-dom_client.js?v=af644984:17230
[28850628ms] [INFO] %cDownload the React DevTools for a better development experience: https://reactjs.org/link/react-devtools font-weight:bold @ http://localhost:5177/@fs/Users/nikitamysnik/Documents/%D0%B4%D0%B2%D0%BE%D1%80%D0%B8%D0%BA/gpt-version/node_modules/.vite/deps/react-dom_client.js?v=af644984:17230
[28861589ms] [INFO] %cDownload the React DevTools for a better development experience: https://reactjs.org/link/react-devtools font-weight:bold @ http://localhost:5177/@fs/Users/nikitamysnik/Documents/%D0%B4%D0%B2%D0%BE%D1%80%D0%B8%D0%BA/gpt-version/node_modules/.vite/deps/react-dom_client.js?v=af644984:17230
[28883896ms] [INFO] %cDownload the React DevTools for a better development experience: https://reactjs.org/link/react-devtools font-weight:bold @ http://localhost:5177/@fs/Users/nikitamysnik/Documents/%D0%B4%D0%B2%D0%BE%D1%80%D0%B8%D0%BA/gpt-version/node_modules/.vite/deps/react-dom_client.js?v=af644984:17230
[28896018ms] [INFO] %cDownload the React DevTools for a better development experience: https://reactjs.org/link/react-devtools font-weight:bold @ http://localhost:5177/@fs/Users/nikitamysnik/Documents/%D0%B4%D0%B2%D0%BE%D1%80%D0%B8%D0%BA/gpt-version/node_modules/.vite/deps/react-dom_client.js?v=af644984:17230
[29253964ms] [LOG] [vite] server connection lost. Polling for restart... @ http://localhost:5177/@vite/client:992
[29262163ms] [INFO] %cDownload the React DevTools for a better development experience: https://reactjs.org/link/react-devtools font-weight:bold @ http://localhost:5177/@fs/Users/nikitamysnik/Documents/%D0%B4%D0%B2%D0%BE%D1%80%D0%B8%D0%BA/gpt-version/node_modules/.vite/deps/react-dom_client.js?v=af644984:17230
[31723641ms] [INFO] %cDownload the React DevTools for a better development experience: https://reactjs.org/link/react-devtools font-weight:bold @ http://localhost:5177/@fs/Users/nikitamysnik/Documents/%D0%B4%D0%B2%D0%BE%D1%80%D0%B8%D0%BA/gpt-version/node_modules/.vite/deps/react-dom_client.js?v=af644984:17230
[31736806ms] [INFO] %cDownload the React DevTools for a better development experience: https://reactjs.org/link/react-devtools font-weight:bold @ http://localhost:5177/@fs/Users/nikitamysnik/Documents/%D0%B4%D0%B2%D0%BE%D1%80%D0%B8%D0%BA/gpt-version/node_modules/.vite/deps/react-dom_client.js?v=af644984:17230
[31793296ms] [INFO] %cDownload the React DevTools for a better development experience: https://reactjs.org/link/react-devtools font-weight:bold @ http://localhost:5177/@fs/Users/nikitamysnik/Documents/%D0%B4%D0%B2%D0%BE%D1%80%D0%B8%D0%BA/gpt-version/node_modules/.vite/deps/react-dom_client.js?v=af644984:17230
[31806627ms] [INFO] %cDownload the React DevTools for a better development experience: https://reactjs.org/link/react-devtools font-weight:bold @ http://localhost:5177/@fs/Users/nikitamysnik/Documents/%D0%B4%D0%B2%D0%BE%D1%80%D0%B8%D0%BA/gpt-version/node_modules/.vite/deps/react-dom_client.js?v=af644984:17230
[31819736ms] [INFO] %cDownload the React DevTools for a better development experience: https://reactjs.org/link/react-devtools font-weight:bold @ http://localhost:5177/@fs/Users/nikitamysnik/Documents/%D0%B4%D0%B2%D0%BE%D1%80%D0%B8%D0%BA/gpt-version/node_modules/.vite/deps/react-dom_client.js?v=af644984:17230
[31842982ms] [INFO] %cDownload the React DevTools for a better development experience: https://reactjs.org/link/react-devtools font-weight:bold @ http://localhost:5177/@fs/Users/nikitamysnik/Documents/%D0%B4%D0%B2%D0%BE%D1%80%D0%B8%D0%BA/gpt-version/node_modules/.vite/deps/react-dom_client.js?v=af644984:17230
[31866414ms] [INFO] %cDownload the React DevTools for a better development experience: https://reactjs.org/link/react-devtools font-weight:bold @ http://localhost:5177/@fs/Users/nikitamysnik/Documents/%D0%B4%D0%B2%D0%BE%D1%80%D0%B8%D0%BA/gpt-version/node_modules/.vite/deps/react-dom_client.js?v=af644984:17230
[31882431ms] [INFO] %cDownload the React DevTools for a better development experience: https://reactjs.org/link/react-devtools font-weight:bold @ http://localhost:5177/@fs/Users/nikitamysnik/Documents/%D0%B4%D0%B2%D0%BE%D1%80%D0%B8%D0%BA/gpt-version/node_modules/.vite/deps/react-dom_client.js?v=af644984:17230
[31956452ms] [INFO] %cDownload the React DevTools for a better development experience: https://reactjs.org/link/react-devtools font-weight:bold @ http://localhost:5177/@fs/Users/nikitamysnik/Documents/%D0%B4%D0%B2%D0%BE%D1%80%D0%B8%D0%BA/gpt-version/node_modules/.vite/deps/react-dom_client.js?v=af644984:17230
[34944587ms] [LOG] [vite] server connection lost. Polling for restart... @ http://localhost:5177/@vite/client:992
[34944707ms] [INFO] %cDownload the React DevTools for a better development experience: https://reactjs.org/link/react-devtools font-weight:bold @ http://localhost:5177/@fs/Users/nikitamysnik/Documents/%D0%B4%D0%B2%D0%BE%D1%80%D0%B8%D0%BA/gpt-version/node_modules/.vite/deps/react-dom_client.js?v=af644984:17230
[43284072ms] [LOG] [vite] server connection lost. Polling for restart... @ http://localhost:5177/@vite/client:992
[43284134ms] [INFO] %cDownload the React DevTools for a better development experience: https://reactjs.org/link/react-devtools font-weight:bold @ http://localhost:5177/@fs/Users/nikitamysnik/Documents/%D0%B4%D0%B2%D0%BE%D1%80%D0%B8%D0%BA/gpt-version/node_modules/.vite/deps/react-dom_client.js?v=af644984:17230
[81878799ms] [LOG] [vite] server connection lost. Polling for restart... @ http://localhost:5177/@vite/client:992
[81878859ms] [INFO] %cDownload the React DevTools for a better development experience: https://reactjs.org/link/react-devtools font-weight:bold @ http://localhost:5177/@fs/Users/nikitamysnik/Documents/%D0%B4%D0%B2%D0%BE%D1%80%D0%B8%D0%BA/gpt-version/node_modules/.vite/deps/react-dom_client.js?v=af644984:17230
[81901803ms] [LOG] [vite] server connection lost. Polling for restart... @ http://localhost:5177/@vite/client:992
[81901858ms] [INFO] %cDownload the React DevTools for a better development experience: https://reactjs.org/link/react-devtools font-weight:bold @ http://localhost:5177/@fs/Users/nikitamysnik/Documents/%D0%B4%D0%B2%D0%BE%D1%80%D0%B8%D0%BA/gpt-version/node_modules/.vite/deps/react-dom_client.js?v=af644984:17230
[84198725ms] [LOG] [vite] server connection lost. Polling for restart... @ http://localhost:5177/@vite/client:992
[84198787ms] [INFO] %cDownload the React DevTools for a better development experience: https://reactjs.org/link/react-devtools font-weight:bold @ http://localhost:5177/@fs/Users/nikitamysnik/Documents/%D0%B4%D0%B2%D0%BE%D1%80%D0%B8%D0%BA/gpt-version/node_modules/.vite/deps/react-dom_client.js?v=af644984:17230
[87502092ms] [LOG] [vite] server connection lost. Polling for restart... @ http://localhost:5177/@vite/client:992
[87502141ms] [INFO] %cDownload the React DevTools for a better development experience: https://reactjs.org/link/react-devtools font-weight:bold @ http://localhost:5177/@fs/Users/nikitamysnik/Documents/%D0%B4%D0%B2%D0%BE%D1%80%D0%B8%D0%BA/gpt-version/node_modules/.vite/deps/react-dom_client.js?v=af644984:17230
[101363673ms] [LOG] [vite] server connection lost. Polling for restart... @ http://localhost:5177/@vite/client:992
[101363747ms] [INFO] %cDownload the React DevTools for a better development experience: https://reactjs.org/link/react-devtools font-weight:bold @ http://localhost:5177/@fs/Users/nikitamysnik/Documents/%D0%B4%D0%B2%D0%BE%D1%80%D0%B8%D0%BA/gpt-version/node_modules/.vite/deps/react-dom_client.js?v=af644984:17230
[101368423ms] [LOG] [vite] server connection lost. Polling for restart... @ http://localhost:5177/@vite/client:992
[101368514ms] [INFO] %cDownload the React DevTools for a better development experience: https://reactjs.org/link/react-devtools font-weight:bold @ http://localhost:5177/@fs/Users/nikitamysnik/Documents/%D0%B4%D0%B2%D0%BE%D1%80%D0%B8%D0%BA/gpt-version/node_modules/.vite/deps/react-dom_client.js?v=af644984:17230
[103563660ms] [LOG] [vite] server connection lost. Polling for restart... @ http://localhost:5177/@vite/client:992
[103563750ms] [INFO] %cDownload the React DevTools for a better development experience: https://reactjs.org/link/react-devtools font-weight:bold @ http://localhost:5177/@fs/Users/nikitamysnik/Documents/%D0%B4%D0%B2%D0%BE%D1%80%D0%B8%D0%BA/gpt-version/node_modules/.vite/deps/react-dom_client.js?v=af644984:17230
[109319879ms] [LOG] [vite] server connection lost. Polling for restart... @ http://localhost:5177/@vite/client:992
[109319948ms] [INFO] %cDownload the React DevTools for a better development experience: https://reactjs.org/link/react-devtools font-weight:bold @ http://localhost:5177/@fs/Users/nikitamysnik/Documents/%D0%B4%D0%B2%D0%BE%D1%80%D0%B8%D0%BA/gpt-version/node_modules/.vite/deps/react-dom_client.js?v=af644984:17230
[112961759ms] [LOG] [vite] server connection lost. Polling for restart... @ http://localhost:5177/@vite/client:992
[112961810ms] [INFO] %cDownload the React DevTools for a better development experience: https://reactjs.org/link/react-devtools font-weight:bold @ http://localhost:5177/@fs/Users/nikitamysnik/Documents/%D0%B4%D0%B2%D0%BE%D1%80%D0%B8%D0%BA/gpt-version/node_modules/.vite/deps/react-dom_client.js?v=af644984:17230
[117290121ms] [LOG] [vite] server connection lost. Polling for restart... @ http://localhost:5177/@vite/client:992
[117290195ms] [INFO] %cDownload the React DevTools for a better development experience: https://reactjs.org/link/react-devtools font-weight:bold @ http://localhost:5177/@fs/Users/nikitamysnik/Documents/%D0%B4%D0%B2%D0%BE%D1%80%D0%B8%D0%BA/gpt-version/node_modules/.vite/deps/react-dom_client.js?v=af644984:17230
[120469695ms] [LOG] [vite] server connection lost. Polling for restart... @ http://localhost:5177/@vite/client:992
[120469735ms] [INFO] %cDownload the React DevTools for a better development experience: https://reactjs.org/link/react-devtools font-weight:bold @ http://localhost:5177/@fs/Users/nikitamysnik/Documents/%D0%B4%D0%B2%D0%BE%D1%80%D0%B8%D0%BA/gpt-version/node_modules/.vite/deps/react-dom_client.js?v=af644984:17230
[129092405ms] [LOG] [vite] server connection lost. Polling for restart... @ http://localhost:5177/@vite/client:992
[129092492ms] [INFO] %cDownload the React DevTools for a better development experience: https://reactjs.org/link/react-devtools font-weight:bold @ http://localhost:5177/@fs/Users/nikitamysnik/Documents/%D0%B4%D0%B2%D0%BE%D1%80%D0%B8%D0%BA/gpt-version/node_modules/.vite/deps/react-dom_client.js?v=af644984:17230
[131746876ms] [LOG] [vite] server connection lost. Polling for restart... @ http://localhost:5177/@vite/client:992
[131747166ms] [INFO] %cDownload the React DevTools for a better development experience: https://reactjs.org/link/react-devtools font-weight:bold @ http://localhost:5177/@fs/Users/nikitamysnik/Documents/%D0%B4%D0%B2%D0%BE%D1%80%D0%B8%D0%BA/gpt-version/node_modules/.vite/deps/react-dom_client.js?v=af644984:17230
[131760996ms] [LOG] [vite] server connection lost. Polling for restart... @ http://localhost:5177/@vite/client:992
[131761055ms] [INFO] %cDownload the React DevTools for a better development experience: https://reactjs.org/link/react-devtools font-weight:bold @ http://localhost:5177/@fs/Users/nikitamysnik/Documents/%D0%B4%D0%B2%D0%BE%D1%80%D0%B8%D0%BA/gpt-version/node_modules/.vite/deps/react-dom_client.js?v=af644984:17230
[185781797ms] [LOG] [vite] server connection lost. Polling for restart... @ http://localhost:5177/@vite/client:992
[185782050ms] [INFO] %cDownload the React DevTools for a better development experience: https://reactjs.org/link/react-devtools font-weight:bold @ http://localhost:5177/@fs/Users/nikitamysnik/Documents/%D0%B4%D0%B2%D0%BE%D1%80%D0%B8%D0%BA/gpt-version/node_modules/.vite/deps/react-dom_client.js?v=af644984:17230
[187974140ms] [LOG] [vite] server connection lost. Polling for restart... @ http://localhost:5177/@vite/client:992
[187974233ms] [INFO] %cDownload the React DevTools for a better development experience: https://reactjs.org/link/react-devtools font-weight:bold @ http://localhost:5177/@fs/Users/nikitamysnik/Documents/%D0%B4%D0%B2%D0%BE%D1%80%D0%B8%D0%BA/gpt-version/node_modules/.vite/deps/react-dom_client.js?v=af644984:17230
[189053142ms] [LOG] [vite] server connection lost. Polling for restart... @ http://localhost:5177/@vite/client:992
[189053213ms] [INFO] %cDownload the React DevTools for a better development experience: https://reactjs.org/link/react-devtools font-weight:bold @ http://localhost:5177/@fs/Users/nikitamysnik/Documents/%D0%B4%D0%B2%D0%BE%D1%80%D0%B8%D0%BA/gpt-version/node_modules/.vite/deps/react-dom_client.js?v=af644984:17230
[192044646ms] [LOG] [vite] server connection lost. Polling for restart... @ http://localhost:5177/@vite/client:992
[192044710ms] [INFO] %cDownload the React DevTools for a better development experience: https://reactjs.org/link/react-devtools font-weight:bold @ http://localhost:5177/@fs/Users/nikitamysnik/Documents/%D0%B4%D0%B2%D0%BE%D1%80%D0%B8%D0%BA/gpt-version/node_modules/.vite/deps/react-dom_client.js?v=af644984:17230
[192995198ms] [LOG] [vite] server connection lost. Polling for restart... @ http://localhost:5177/@vite/client:992
[192995269ms] [INFO] %cDownload the React DevTools for a better development experience: https://reactjs.org/link/react-devtools font-weight:bold @ http://localhost:5177/@fs/Users/nikitamysnik/Documents/%D0%B4%D0%B2%D0%BE%D1%80%D0%B8%D0%BA/gpt-version/node_modules/.vite/deps/react-dom_client.js?v=af644984:17230
[201366018ms] [LOG] [vite] server connection lost. Polling for restart... @ http://localhost:5177/@vite/client:992
[201366102ms] [INFO] %cDownload the React DevTools for a better development experience: https://reactjs.org/link/react-devtools font-weight:bold @ http://localhost:5177/@fs/Users/nikitamysnik/Documents/%D0%B4%D0%B2%D0%BE%D1%80%D0%B8%D0%BA/gpt-version/node_modules/.vite/deps/react-dom_client.js?v=af644984:17230
[203364676ms] [LOG] [vite] server connection lost. Polling for restart... @ http://localhost:5177/@vite/client:992
[203364729ms] [INFO] %cDownload the React DevTools for a better development experience: https://reactjs.org/link/react-devtools font-weight:bold @ http://localhost:5177/@fs/Users/nikitamysnik/Documents/%D0%B4%D0%B2%D0%BE%D1%80%D0%B8%D0%BA/gpt-version/node_modules/.vite/deps/react-dom_client.js?v=af644984:17230
[217449642ms] [LOG] [vite] server connection lost. Polling for restart... @ http://localhost:5177/@vite/client:992
[217449955ms] [INFO] %cDownload the React DevTools for a better development experience: https://reactjs.org/link/react-devtools font-weight:bold @ http://localhost:5177/@fs/Users/nikitamysnik/Documents/%D0%B4%D0%B2%D0%BE%D1%80%D0%B8%D0%BA/gpt-version/node_modules/.vite/deps/react-dom_client.js?v=af644984:17230
[227466453ms] [LOG] [vite] server connection lost. Polling for restart... @ http://localhost:5177/@vite/client:992
[227466588ms] [INFO] %cDownload the React DevTools for a better development experience: https://reactjs.org/link/react-devtools font-weight:bold @ http://localhost:5177/@fs/Users/nikitamysnik/Documents/%D0%B4%D0%B2%D0%BE%D1%80%D0%B8%D0%BA/gpt-version/node_modules/.vite/deps/react-dom_client.js?v=af644984:17230
[251795232ms] [LOG] [vite] server connection lost. Polling for restart... @ http://localhost:5177/@vite/client:992
[251795385ms] [INFO] %cDownload the React DevTools for a better development experience: https://reactjs.org/link/react-devtools font-weight:bold @ http://localhost:5177/@fs/Users/nikitamysnik/Documents/%D0%B4%D0%B2%D0%BE%D1%80%D0%B8%D0%BA/gpt-version/node_modules/.vite/deps/react-dom_client.js?v=af644984:17230
[252395779ms] [LOG] [vite] server connection lost. Polling for restart... @ http://localhost:5177/@vite/client:992
[252396009ms] [INFO] %cDownload the React DevTools for a better development experience: https://reactjs.org/link/react-devtools font-weight:bold @ http://localhost:5177/@fs/Users/nikitamysnik/Documents/%D0%B4%D0%B2%D0%BE%D1%80%D0%B8%D0%BA/gpt-version/node_modules/.vite/deps/react-dom_client.js?v=af644984:17230
[253264816ms] [LOG] [vite] server connection lost. Polling for restart... @ http://localhost:5177/@vite/client:992
[253264882ms] [INFO] %cDownload the React DevTools for a better development experience: https://reactjs.org/link/react-devtools font-weight:bold @ http://localhost:5177/@fs/Users/nikitamysnik/Documents/%D0%B4%D0%B2%D0%BE%D1%80%D0%B8%D0%BA/gpt-version/node_modules/.vite/deps/react-dom_client.js?v=af644984:17230
[253281421ms] [LOG] [vite] server connection lost. Polling for restart... @ http://localhost:5177/@vite/client:992
[253281487ms] [INFO] %cDownload the React DevTools for a better development experience: https://reactjs.org/link/react-devtools font-weight:bold @ http://localhost:5177/@fs/Users/nikitamysnik/Documents/%D0%B4%D0%B2%D0%BE%D1%80%D0%B8%D0%BA/gpt-version/node_modules/.vite/deps/react-dom_client.js?v=af644984:17230
[254306654ms] [LOG] [vite] server connection lost. Polling for restart... @ http://localhost:5177/@vite/client:992
[254306840ms] [INFO] %cDownload the React DevTools for a better development experience: https://reactjs.org/link/react-devtools font-weight:bold @ http://localhost:5177/@fs/Users/nikitamysnik/Documents/%D0%B4%D0%B2%D0%BE%D1%80%D0%B8%D0%BA/gpt-version/node_modules/.vite/deps/react-dom_client.js?v=af644984:17230
[273587450ms] [LOG] [vite] server connection lost. Polling for restart... @ http://localhost:5177/@vite/client:992
[273587815ms] [INFO] %cDownload the React DevTools for a better development experience: https://reactjs.org/link/react-devtools font-weight:bold @ http://localhost:5177/@fs/Users/nikitamysnik/Documents/%D0%B4%D0%B2%D0%BE%D1%80%D0%B8%D0%BA/gpt-version/node_modules/.vite/deps/react-dom_client.js?v=af644984:17230
[281578667ms] [LOG] [vite] server connection lost. Polling for restart... @ http://localhost:5177/@vite/client:992
[281578800ms] [INFO] %cDownload the React DevTools for a better development experience: https://reactjs.org/link/react-devtools font-weight:bold @ http://localhost:5177/@fs/Users/nikitamysnik/Documents/%D0%B4%D0%B2%D0%BE%D1%80%D0%B8%D0%BA/gpt-version/node_modules/.vite/deps/react-dom_client.js?v=af644984:17230
[291160824ms] [LOG] [vite] server connection lost. Polling for restart... @ http://localhost:5177/@vite/client:992
[291160957ms] [INFO] %cDownload the React DevTools for a better development experience: https://reactjs.org/link/react-devtools font-weight:bold @ http://localhost:5177/@fs/Users/nikitamysnik/Documents/%D0%B4%D0%B2%D0%BE%D1%80%D0%B8%D0%BA/gpt-version/node_modules/.vite/deps/react-dom_client.js?v=af644984:17230
[295859274ms] [LOG] [vite] server connection lost. Polling for restart... @ http://localhost:5177/@vite/client:992
[295859351ms] [INFO] %cDownload the React DevTools for a better development experience: https://reactjs.org/link/react-devtools font-weight:bold @ http://localhost:5177/@fs/Users/nikitamysnik/Documents/%D0%B4%D0%B2%D0%BE%D1%80%D0%B8%D0%BA/gpt-version/node_modules/.vite/deps/react-dom_client.js?v=af644984:17230
[298425840ms] [LOG] [vite] server connection lost. Polling for restart... @ http://localhost:5177/@vite/client:992
[298425922ms] [INFO] %cDownload the React DevTools for a better development experience: https://reactjs.org/link/react-devtools font-weight:bold @ http://localhost:5177/@fs/Users/nikitamysnik/Documents/%D0%B4%D0%B2%D0%BE%D1%80%D0%B8%D0%BA/gpt-version/node_modules/.vite/deps/react-dom_client.js?v=af644984:17230
[298457659ms] [LOG] [vite] server connection lost. Polling for restart... @ http://localhost:5177/@vite/client:992
[298457726ms] [INFO] %cDownload the React DevTools for a better development experience: https://reactjs.org/link/react-devtools font-weight:bold @ http://localhost:5177/@fs/Users/nikitamysnik/Documents/%D0%B4%D0%B2%D0%BE%D1%80%D0%B8%D0%BA/gpt-version/node_modules/.vite/deps/react-dom_client.js?v=af644984:17230
[298901445ms] [LOG] [vite] server connection lost. Polling for restart... @ http://localhost:5177/@vite/client:992
[298901507ms] [INFO] %cDownload the React DevTools for a better development experience: https://reactjs.org/link/react-devtools font-weight:bold @ http://localhost:5177/@fs/Users/nikitamysnik/Documents/%D0%B4%D0%B2%D0%BE%D1%80%D0%B8%D0%BA/gpt-version/node_modules/.vite/deps/react-dom_client.js?v=af644984:17230
[306866415ms] [LOG] [vite] server connection lost. Polling for restart... @ http://localhost:5177/@vite/client:992
[306866555ms] [INFO] %cDownload the React DevTools for a better development experience: https://reactjs.org/link/react-devtools font-weight:bold @ http://localhost:5177/@fs/Users/nikitamysnik/Documents/%D0%B4%D0%B2%D0%BE%D1%80%D0%B8%D0%BA/gpt-version/node_modules/.vite/deps/react-dom_client.js?v=af644984:17230
[367135067ms] [LOG] [vite] server connection lost. Polling for restart... @ http://localhost:5177/@vite/client:992
[367135208ms] [INFO] %cDownload the React DevTools for a better development experience: https://reactjs.org/link/react-devtools font-weight:bold @ http://localhost:5177/@fs/Users/nikitamysnik/Documents/%D0%B4%D0%B2%D0%BE%D1%80%D0%B8%D0%BA/gpt-version/node_modules/.vite/deps/react-dom_client.js?v=af644984:17230
[372940338ms] [LOG] [vite] server connection lost. Polling for restart... @ http://localhost:5177/@vite/client:992
[372940426ms] [INFO] %cDownload the React DevTools for a better development experience: https://reactjs.org/link/react-devtools font-weight:bold @ http://localhost:5177/@fs/Users/nikitamysnik/Documents/%D0%B4%D0%B2%D0%BE%D1%80%D0%B8%D0%BA/gpt-version/node_modules/.vite/deps/react-dom_client.js?v=af644984:17230
[372967571ms] [LOG] [vite] server connection lost. Polling for restart... @ http://localhost:5177/@vite/client:992
[372967650ms] [INFO] %cDownload the React DevTools for a better development experience: https://reactjs.org/link/react-devtools font-weight:bold @ http://localhost:5177/@fs/Users/nikitamysnik/Documents/%D0%B4%D0%B2%D0%BE%D1%80%D0%B8%D0%BA/gpt-version/node_modules/.vite/deps/react-dom_client.js?v=af644984:17230
[372977656ms] [LOG] [vite] server connection lost. Polling for restart... @ http://localhost:5177/@vite/client:992
[372977755ms] [INFO] %cDownload the React DevTools for a better development experience: https://reactjs.org/link/react-devtools font-weight:bold @ http://localhost:5177/@fs/Users/nikitamysnik/Documents/%D0%B4%D0%B2%D0%BE%D1%80%D0%B8%D0%BA/gpt-version/node_modules/.vite/deps/react-dom_client.js?v=af644984:17230
[386375811ms] [LOG] [vite] server connection lost. Polling for restart... @ http://localhost:5177/@vite/client:992
[386375884ms] [INFO] %cDownload the React DevTools for a better development experience: https://reactjs.org/link/react-devtools font-weight:bold @ http://localhost:5177/@fs/Users/nikitamysnik/Documents/%D0%B4%D0%B2%D0%BE%D1%80%D0%B8%D0%BA/gpt-version/node_modules/.vite/deps/react-dom_client.js?v=af644984:17230
